j is 0
j is 1
j is 2
j is 3
j is 4
j is 5
j is 6
j is 7
j is 8
j is 9
j is 1
j is 2
j is 3
j is 4
j is 5
j is 6
j is 7
j is 8
j is 9
j is 10
j is 2
j is 3
j is 4
j is 5
j is 6
j is 7
j is 8
j is 9
j is 10
j is 11
j is 3
j is 4
j is 5
j is 6
j is 7
j is 8
j is 9
j is 10
j is 11
j is 12
j is 4
j is 5
j is 6
j is 7
j is 8
j is 9
j is 10
j is 11
j is 12
j is 13
j is 5
j is 6
j is 7
j is 8
j is 9
j is 10
j is 11
j is 12
j is 13
j is 14
j is 6
j is 7
j is 8
j is 9
j is 10
j is 11
j is 12
j is 13
j is 14
j is 15
j is 7
j is 8
j is 9
j is 10
j is 11
j is 12
j is 13
j is 14
j is 15
j is 16
j is 8
j is 9
j is 10
j is 11
j is 12
j is 13
j is 14
j is 15
j is 16
j is 17
j is 9
j is 10
j is 11
j is 12
j is 13
j is 14
j is 15
j is 16
j is 17
j is 18
